// Jest Snapshot v1, https://goo.gl/fbAQLP

exports[`Given \`Input\` component when it is rendered should match snapshot 1`] = `
<body>
  <div>
    <div
      class="input"
    >
      <label
        for="email"
      >
        User email
      </label>
      <input
        id="email"
        name="email"
        type="email"
      />
    </div>
  </div>
</body>
`;
