// Jest Snapshot v1, https://goo.gl/fbAQLP

exports[`Given \`Button\` component when it is rendered should match snapshot 1`] = `
<body>
  <div>
    <button
      class="button"
      type="button"
    />
  </div>
</body>
`;
